// Jest Snapshot v1, https://goo.gl/fbAQLP

exports[`button tests should match snapshot 1`] = `
<View
  accessible={true}
  focusable={true}
  isTVSelectable={true}
  onClick={[Function]}
  onResponderGrant={[Function]}
  onResponderMove={[Function]}
  onResponderRelease={[Function]}
  onResponderTerminate={[Function]}
  onResponderTerminationRequest={[Function]}
  onStartShouldSetResponder={[Function]}
  style={
    Object {
      "backgroundColor": "#4d13da",
      "borderRadius": 5,
      "height": 48,
      "justifyContent": "center",
      "opacity": 1,
      "width": "100%",
    }
  }
>
  <Text
    style={
      Object {
        "color": "white",
        "fontWeight": "bold",
        "textAlign": "center",
      }
    }
  >
    test
  </Text>
</View>
`;
